// Jest Snapshot v1, https://goo.gl/fbAQLP

exports[`<Address /> should match snapshot 1`] = `
<DocumentFragment>
  <section
    class=""
  >
    <div
      class="makeStyles-header-3"
    >
      <h6
        class="MuiTypography-root makeStyles-label-4 MuiTypography-h6"
      >
        Address
      </h6>
    </div>
    <div>
      <h6
        class="MuiTypography-root MuiTypography-h6"
      >
        Mty 156
      </h6>
    </div>
  </section>
</DocumentFragment>
`;
