// Jest Snapshot v1, https://goo.gl/fbAQLP

exports[`<App /> should match snapshot 1`] = `
<DocumentFragment>
  <div
    class="makeStyles-app-23"
  >
    <div
      class="MuiDrawer-root MuiDrawer-docked makeStyles-nav-33"
      component="nav"
    >
      <div
        class="MuiPaper-root MuiDrawer-paper makeStyles-drawer-34 MuiDrawer-paperAnchorLeft MuiDrawer-paperAnchorDockedLeft MuiPaper-elevation0"
      >
        <img
          alt="Prism"
          class="makeStyles-logo-35"
          src="prism.svg"
        />
        <ul
          class="MuiList-root makeStyles-list-36 MuiList-padding"
        >
          <div
            aria-disabled="false"
            class="MuiButtonBase-root MuiListItem-root MuiListItem-gutters MuiListItem-button"
            data-testid="menu-item"
            role="button"
            tabindex="0"
          >
            <div
              class="MuiListItemIcon-root makeStyles-icon-37"
            >
              <svg
                aria-hidden="true"
                class="svg-inline--fa fa-comment-alt fa-w-16 makeStyles-activeItem-38"
                data-icon="comment-alt"
                data-prefix="fal"
                focusable="false"
                role="img"
                viewBox="0 0 512 512"
                xmlns="http://www.w3.org/2000/svg"
              >
                <path
                  d="M448 0H64C28.7 0 0 28.7 0 64v288c0 35.3 28.7 64 64 64h96v84c0 7.1 5.8 12 12 12 2.4 0 4.9-.7 7.1-2.4L304 416h144c35.3 0 64-28.7 64-64V64c0-35.3-28.7-64-64-64zm32 352c0 17.6-14.4 32-32 32H293.3l-8.5 6.4L192 460v-76H64c-17.6 0-32-14.4-32-32V64c0-17.6 14.4-32 32-32h384c17.6 0 32 14.4 32 32v288z"
                  fill="currentColor"
                />
              </svg>
            </div>
            <span
              class="MuiTouchRipple-root"
            />
          </div>
        </ul>
      </div>
    </div>
    <section
      class="makeStyles-container-40 makeStyles-panel-39"
    >
      <section
        class="makeStyles-container-40 makeStyles-panel-41 makeStyles-tray1-24"
      >
        <div>
          <span
            class="MuiSkeleton-root MuiSkeleton-text makeStyles-skeleton-44"
            style="height: 19px;"
          />
          <div
            class="makeStyles-leadingWrapper-42"
          >
            <span
              class="MuiSkeleton-root MuiSkeleton-text makeStyles-skeleton-44"
              style="height: 50px;"
            />
          </div>
          <div
            class="makeStyles-leadingWrapper-42"
          >
            <hr
              class="MuiDivider-root"
            />
          </div>
          <span
            class="MuiSkeleton-root MuiSkeleton-text makeStyles-skeleton-44"
            style="height: 19px;"
          />
          <span
            class="MuiSkeleton-root MuiSkeleton-text makeStyles-skeleton-44"
            style="height: 60px;"
          />
          <span
            class="MuiSkeleton-root MuiSkeleton-text makeStyles-skeleton-44"
            style="height: 19px;"
          />
          <span
            class="MuiSkeleton-root MuiSkeleton-text makeStyles-skeleton-44"
            style="height: 60px;"
          />
          <span
            class="MuiSkeleton-root MuiSkeleton-text makeStyles-skeleton-44"
            style="height: 19px;"
          />
          <span
            class="MuiSkeleton-root MuiSkeleton-text makeStyles-skeleton-44"
            style="height: 60px;"
          />
          <span
            class="MuiSkeleton-root MuiSkeleton-text makeStyles-skeleton-44"
            style="height: 19px;"
          />
          <span
            class="MuiSkeleton-root MuiSkeleton-text makeStyles-skeleton-44"
            style="height: 60px;"
          />
          <span
            class="MuiSkeleton-root MuiSkeleton-text makeStyles-skeleton-44"
            style="height: 19px;"
          />
          <span
            class="MuiSkeleton-root MuiSkeleton-text makeStyles-skeleton-44"
            style="height: 60px;"
          />
        </div>
        <div
          class="makeStyles-finalWrapper-43"
        >
          <button
            class="MuiButtonBase-root MuiButton-root MuiButton-contained MuiButton-containedPrimary Mui-disabled MuiButton-fullWidth Mui-disabled"
            disabled=""
            tabindex="-1"
            type="button"
          >
            <span
              class="MuiButton-label"
            >
              Placeholder
            </span>
          </button>
        </div>
      </section>
      <section
        class="makeStyles-container-40 makeStyles-panel-41 makeStyles-tray2-25"
      >
        <div
          class="MuiPaper-root makeStyles-paper-29 MuiPaper-elevation1 MuiPaper-rounded"
        >
          <p
            class="MuiTypography-root MuiTypography-body1"
          >
            There are no active workflow instances
          </p>
        </div>
      </section>
      <section
        class="makeStyles-container-40 makeStyles-panel-41 makeStyles-tray3-26"
      >
        <div
          class="MuiPaper-root makeStyles-paper-29 MuiPaper-elevation1 MuiPaper-rounded"
        >
          <h5
            class="MuiTypography-root MuiTypography-h5 MuiTypography-alignCenter"
          >
            Initiate Workflows
          </h5>
        </div>
        <div
          class="MuiPaper-root makeStyles-paper-29 MuiPaper-elevation1 MuiPaper-rounded"
        >
          <h5
            class="MuiTypography-root MuiTypography-h5 MuiTypography-alignCenter"
          >
            State Helpers
          </h5>
          <button
            class="MuiButtonBase-root MuiButton-root MuiButton-contained makeStyles-button-28 MuiButton-containedSecondary"
            tabindex="0"
            type="button"
          >
            <span
              class="MuiButton-label"
            >
              Update state
            </span>
            <span
              class="MuiTouchRipple-root"
            />
          </button>
          <button
            class="MuiButtonBase-root MuiButton-root MuiButton-contained makeStyles-button-28"
            tabindex="0"
            type="button"
          >
            <span
              class="MuiButton-label"
            >
              Toggle automatic state
            </span>
            <span
              class="MuiTouchRipple-root"
            />
          </button>
          <p
            class="MuiTypography-root MuiTypography-body1"
          >
            Automatic state fetching is On
          </p>
        </div>
      </section>
    </section>
  </div>
</DocumentFragment>
`;
