// Jest Snapshot v1, https://goo.gl/fbAQLP

exports[`<App /> should match snapshot 1`] = `
<DocumentFragment>
  <div
    class="makeStyles-app-9"
  >
    <section
      class="makeStyles-pane-10"
    >
      <section
        class="makeStyles-tray-11 makeStyles-tray1-12"
      >
        <section>
          <form
            class="makeStyles-form-14"
          >
            <div
              class="MuiFormControl-root MuiTextField-root"
            >
              <label
                class="MuiFormLabel-root MuiInputLabel-root MuiInputLabel-formControl MuiInputLabel-animated"
                data-shrink="false"
              >
                Interaction identifier
              </label>
              <div
                class="MuiInputBase-root MuiInput-root MuiInput-underline makeStyles-inputField-15 MuiInputBase-formControl MuiInput-formControl"
              >
                <input
                  aria-invalid="false"
                  class="MuiInputBase-input MuiInput-input"
                  name="addInteractionIdentifier"
                  type="text"
                  value=""
                />
              </div>
            </div>
            <button
              class="MuiButtonBase-root MuiButton-root MuiButton-contained makeStyles-submitButton-16 MuiButton-containedSecondary"
              tabindex="0"
              type="submit"
            >
              <span
                class="MuiButton-label"
              >
                Add Interaction
              </span>
              <span
                class="MuiTouchRipple-root"
              />
            </button>
          </form>
        </section>
      </section>
      <section
        class="makeStyles-tray-11 makeStyles-tray2-13"
        data-testid="tray2"
      />
    </section>
  </div>
</DocumentFragment>
`;
