// Jest Snapshot v1, https://goo.gl/fbAQLP

exports[`<DebugHelpers /> should match snapshot 1`] = `
<DocumentFragment>
  <div
    class="makeStyles-root-5"
  >
    <h5
      class="MuiTypography-root MuiTypography-h5 MuiTypography-alignCenter"
    >
      Initiate Workflows
    </h5>
    <p
      class="MuiTypography-root MuiTypography-body1"
    >
      There are no workflows available
    </p>
    <h5
      class="MuiTypography-root MuiTypography-h5 MuiTypography-alignCenter"
    >
      State Helpers
    </h5>
    <button
      class="MuiButtonBase-root MuiButton-root MuiButton-contained makeStyles-button-8 MuiButton-containedSecondary"
      data-testid="update-state-button"
      tabindex="0"
      type="button"
    >
      <span
        class="MuiButton-label"
      >
        Update state
      </span>
      <span
        class="MuiTouchRipple-root"
      />
    </button>
    <button
      class="MuiButtonBase-root MuiButton-root MuiButton-contained makeStyles-button-8"
      data-testid="toggle-state-button"
      tabindex="0"
      type="button"
    >
      <span
        class="MuiButton-label"
      >
        Toggle automatic state
      </span>
      <span
        class="MuiTouchRipple-root"
      />
    </button>
    <p
      class="MuiTypography-root MuiTypography-body1"
    >
      Automatic state fetching is Off
    </p>
  </div>
</DocumentFragment>
`;
