// Jest Snapshot v1, https://goo.gl/fbAQLP

exports[`<TalkTrack /> should match snapshot 1`] = `
<DocumentFragment>
  <div
    class="MuiPaper-root MuiCard-root MuiPaper-elevation1 MuiPaper-rounded"
  >
    <div
      class="MuiCardHeader-root makeStyles-card-17"
    >
      <div
        class="MuiCardHeader-content"
      >
        <span
          class="MuiTypography-root MuiCardHeader-title MuiTypography-h5 MuiTypography-displayBlock"
        >
          Talk Tracks
        </span>
      </div>
    </div>
    <div
      class="MuiCardContent-root"
    >
      <section>
        <section
          class="makeStyles-talkTracks-18"
        >
          <div
            class="MuiTabs-root makeStyles-tabs-19 MuiTabs-vertical"
          >
            <div
              class="MuiTabs-scroller MuiTabs-fixed"
              style="overflow: hidden;"
            >
              <div
                class="MuiTabs-flexContainer MuiTabs-flexContainerVertical"
                role="tablist"
              >
                <button
                  aria-selected="true"
                  class="MuiButtonBase-root MuiTab-root MuiTab-textColorInherit makeStyles-tab-22 Mui-selected"
                  role="tab"
                  tabindex="0"
                  type="button"
                >
                  <span
                    class="MuiTab-wrapper"
                  >
                    buying-123
                  </span>
                  <span
                    class="MuiTouchRipple-root"
                  />
                </button>
                <button
                  aria-selected="false"
                  class="MuiButtonBase-root MuiTab-root MuiTab-textColorInherit makeStyles-tab-22"
                  role="tab"
                  tabindex="-1"
                  type="button"
                >
                  <span
                    class="MuiTab-wrapper"
                  >
                    selling-123
                  </span>
                  <span
                    class="MuiTouchRipple-root"
                  />
                </button>
              </div>
              <span
                class="PrivateTabIndicator-root-24 PrivateTabIndicator-colorSecondary-26 MuiTabs-indicator makeStyles-tabsIndicator-21 PrivateTabIndicator-vertical-27"
                style="top: 0px; height: 0px;"
              />
            </div>
          </div>
          <section
            class="makeStyles-tabsPanel-20"
          >
            <div
              aria-labelledby="mui-p-26486-T-buying-123"
              class="MuiTabPanel-root"
              id="mui-p-26486-P-buying-123"
              index="buying-123"
              role="tabpanel"
            >
              <section>
                <h6
                  class="MuiTypography-root MuiTypography-h6"
                >
                  buying-123
                </h6>
                <section
                  class="makeStyles-inProgressContainer-31"
                >
                  <div
                    class="MuiCircularProgress-root MuiCircularProgress-colorPrimary MuiCircularProgress-indeterminate"
                    role="progressbar"
                    style="width: 25px; height: 25px;"
                  >
                    <svg
                      class="MuiCircularProgress-svg"
                      viewBox="22 22 44 44"
                    >
                      <circle
                        class="MuiCircularProgress-circle MuiCircularProgress-circleIndeterminate"
                        cx="44"
                        cy="44"
                        fill="none"
                        r="20.2"
                        stroke-width="3.6"
                      />
                    </svg>
                  </div>
                  <p
                    class="MuiTypography-root makeStyles-inProgressMessage-32 MuiTypography-body2"
                  >
                    Workflow in progress
                  </p>
                </section>
              </section>
            </div>
            <div
              aria-labelledby="mui-p-26486-T-selling-123"
              class="MuiTabPanel-root"
              hidden=""
              id="mui-p-26486-P-selling-123"
              index="buying-123"
              role="tabpanel"
            />
          </section>
        </section>
      </section>
    </div>
  </div>
</DocumentFragment>
`;
