// Jest Snapshot v1, https://goo.gl/fbAQLP

exports[`<TalkTrack /> should match snapshot 1`] = `
<DocumentFragment>
  <div
    class="MuiPaper-root MuiCard-root makeStyles-card-27 MuiPaper-elevation1 MuiPaper-rounded"
  >
    <section
      class="makeStyles-header-20"
    >
      <h4
        class="MuiTypography-root makeStyles-title-26 MuiTypography-h4"
      >
        Talk track
      </h4>
      <button
        class="MuiButtonBase-root MuiIconButton-root makeStyles-addButton-21"
        tabindex="0"
        type="button"
      >
        <span
          class="MuiIconButton-label"
        >
          <svg
            aria-hidden="true"
            class="svg-inline--fa fa-plus fa-w-14 "
            data-icon="plus"
            data-prefix="fas"
            focusable="false"
            role="img"
            viewBox="0 0 448 512"
            xmlns="http://www.w3.org/2000/svg"
          >
            <path
              d="M416 208H272V64c0-17.67-14.33-32-32-32h-32c-17.67 0-32 14.33-32 32v144H32c-17.67 0-32 14.33-32 32v32c0 17.67 14.33 32 32 32h144v144c0 17.67 14.33 32 32 32h32c17.67 0 32-14.33 32-32V304h144c17.67 0 32-14.33 32-32v-32c0-17.67-14.33-32-32-32z"
              fill="currentColor"
            />
          </svg>
        </span>
        <span
          class="MuiTouchRipple-root"
        />
      </button>
    </section>
    <section
      class="makeStyles-talkTracks-22"
    >
      <div
        class="MuiTabs-root makeStyles-tabs-23 MuiTabs-vertical"
      >
        <div
          class="MuiTabs-scroller MuiTabs-fixed"
          style="overflow: hidden;"
        >
          <div
            class="MuiTabs-flexContainer MuiTabs-flexContainerVertical"
            role="tablist"
          >
            <button
              aria-selected="true"
              class="MuiButtonBase-root MuiTab-root MuiTab-textColorInherit Mui-selected"
              role="tab"
              tabindex="0"
              type="button"
            >
              <span
                class="MuiTab-wrapper"
              >
                Buying
              </span>
              <span
                class="MuiTouchRipple-root"
              />
            </button>
            <button
              aria-selected="false"
              class="MuiButtonBase-root MuiTab-root MuiTab-textColorInherit"
              role="tab"
              tabindex="-1"
              type="button"
            >
              <span
                class="MuiTab-wrapper"
              >
                Buying
              </span>
              <span
                class="MuiTouchRipple-root"
              />
            </button>
          </div>
          <span
            class="PrivateTabIndicator-root-28 PrivateTabIndicator-colorSecondary-30 MuiTabs-indicator makeStyles-tabsIndicator-25 PrivateTabIndicator-vertical-31"
            style="top: 0px; height: 0px;"
          />
        </div>
      </div>
      <section
        class="makeStyles-tabsPanel-24"
      >
        <div
          class=""
        >
          <div
            class="MuiBox-root MuiBox-root-32"
          >
            <section>
              <div
                class="MuiPaper-root makeStyles-paper-33 MuiPaper-elevation0 MuiPaper-rounded"
              >
                <p
                  class="MuiTypography-root makeStyles-title-34 MuiTypography-body1 MuiTypography-colorPrimary"
                >
                  Buying part 1
                </p>
                <p
                  class="MuiTypography-root makeStyles-speech-35 MuiTypography-body2"
                >
                  Lorem ipsum dolor sit amet, consectetur adipisicing elit. Debitis dicta dolor eveniet facere harum incidunt itaque minima minus nam nihil nostrum nulla odio odit officiis placeat quibusdam, recusandae sit tempora!
                </p>
                <section>
                  <p
                    class="MuiTypography-root makeStyles-title-34 MuiTypography-body1 MuiTypography-colorPrimary"
                  >
                    Select button based on customer inquiry
                  </p>
                  <section
                    class="makeStyles-actions-36"
                  >
                    <div
                      class="MuiButtonBase-root MuiChip-root makeStyles-action-37 MuiChip-outlined MuiChip-sizeSmall MuiChip-clickable"
                      role="button"
                      tabindex="0"
                    >
                      <span
                        class="MuiChip-label MuiChip-labelSmall"
                      >
                        Selling
                      </span>
                      <span
                        class="MuiTouchRipple-root"
                      />
                    </div>
                  </section>
                </section>
                <section
                  class="makeStyles-buttons-38"
                >
                  <button
                    class="MuiButtonBase-root MuiButton-root MuiButton-text"
                    tabindex="0"
                    type="button"
                  >
                    <span
                      class="MuiButton-label"
                    >
                      Skip
                    </span>
                    <span
                      class="MuiTouchRipple-root"
                    />
                  </button>
                  <button
                    class="MuiButtonBase-root MuiButton-root MuiButton-text"
                    tabindex="0"
                    type="button"
                  >
                    <span
                      class="MuiButton-label"
                    >
                      Continue
                    </span>
                    <span
                      class="MuiTouchRipple-root"
                    />
                  </button>
                </section>
              </div>
            </section>
          </div>
        </div>
        <div
          class=""
          hidden=""
        />
      </section>
    </section>
  </div>
</DocumentFragment>
`;
