// Jest Snapshot v1, https://goo.gl/fbAQLP

exports[`<CallerInfo /> should match snapshot 1`] = `
<DocumentFragment>
  <div
    class="MuiBox-root MuiBox-root-17 makeStyles-container-13"
  >
    <p
      class="MuiTypography-root makeStyles-subtitle-15 MuiTypography-body2"
    >
      You are speaking with:
    </p>
    <h3
      class="MuiTypography-root makeStyles-title-14 MuiTypography-h3"
    >
      John Doe
    </h3>
    <hr
      class="MuiDivider-root makeStyles-divider-16"
    />
    <section>
      <section
        class="makeStyles-inProgressContainer-21"
      >
        <div
          class="MuiCircularProgress-root MuiCircularProgress-colorPrimary MuiCircularProgress-indeterminate"
          role="progressbar"
          style="width: 25px; height: 25px;"
        >
          <svg
            class="MuiCircularProgress-svg"
            viewBox="22 22 44 44"
          >
            <circle
              class="MuiCircularProgress-circle MuiCircularProgress-circleIndeterminate"
              cx="44"
              cy="44"
              fill="none"
              r="20.2"
              stroke-width="3.6"
            />
          </svg>
        </div>
      </section>
    </section>
  </div>
</DocumentFragment>
`;
