// Jest Snapshot v1, https://goo.gl/fbAQLP

exports[`<UserAvatar /> should match snapshot 1`] = `
<DocumentFragment>
  <button
    class="MuiButtonBase-root makeStyles-container-7"
    tabindex="0"
    type="button"
  >
    <span
      class="MuiBadge-root"
    >
      <div
        class="MuiAvatar-root MuiAvatar-circle makeStyles-avatar-8 MuiAvatar-colorDefault"
      >
        G
      </div>
      <span
        class="MuiBadge-badge MuiBadge-anchorOriginTopRightCircle MuiBadge-dot"
      />
    </span>
    <span
      class="MuiTouchRipple-root"
    />
  </button>
</DocumentFragment>
`;
